silico: INFO: Calculation start on 07/06/2022 18:46:07 
silico: INFO: Calculation end on 07/06/2022 18:50:12
silico: INFO: Calculation duration: 4 m, 5 s (245.426207 total seconds)
silico: INFO: Parsing calculation result '/gpfs1/home/osl/test/Naphthalene/Turbomole Excited States ADC(2) T(1) and T(2) cc-pVDZ/Output/Naphthalene.log'
silico: WARNING: UserWarning: 'vibrations' is not available; there are no vibrational frequencies; skipping (for at least one result)
silico: WARNING: UserWarning: 'CC' is not available; there is no energy of the requested type; skipping (for at least one result)
silico: WARNING: UserWarning: 'orbitals' is not available; there are no orbitals of the requested type; skipping (for at least one result)
silico: WARNING: UserWarning: 'dipole moment' is not available; there is no dipole of the requested type; skipping (for at least one result)
silico: WARNING: UserWarning: 'Vertical Emission' is not available; No vertical emission with mult 1 available; skipping (for at least one result)
silico: WARNING: UserWarning: 'Vertical Emission' is not available; No vertical emission with mult 3 available; skipping (for at least one result)
silico: WARNING: UserWarning: 'Adiabatic Emission' is not available; No adiabatic emission with mult 1 available; skipping (for at least one result)
silico: WARNING: UserWarning: 'Adiabatic Emission' is not available; No adiabatic emission with mult 3 available; skipping (for at least one result)
silico: WARNING: UserWarning: 'SOC' is not available; there is no spin-orbit coupling; skipping (for at least one result)
silico: WARNING: UserWarning: 'vibrational frequencies' is not available; there are no vibrational frequencies; skipping (for at least one result)
silico: WARNING: UserWarning: 'CC energy' is not available; there is no CC energy; skipping (for at least one result)
silico: WARNING: UserWarning: 'Orbital' is not available; could not find orbital with criteria = '+0', label = 'None', HOMO_difference = 'None', level = 'None'; skipping (for at least one result)
silico: WARNING: UserWarning: 'Orbital' is not available; could not find orbital with criteria = '+1', label = 'None', HOMO_difference = 'None', level = 'None'; skipping (for at least one result)
silico: WARNING: UserWarning: 'Orbital Spin' is not available; There are no orbitals; skipping (for at least one result)
silico: WARNING: UserWarning: 'Excited state' is not available; could not find excited state with symbol = 'None'; skipping (for at least one result)
silico: WARNING: UserWarning: 'Spin-orbit coupling' is not available; could not find SOC between states with symbols 'S(0)' and 'T(1)'; skipping (for at least one result)
silico: WARNING: UserWarning: 'Spin-orbit coupling' is not available; could not find SOC between states with symbols 'S(1)' and 'T(1)'; skipping (for at least one result)
silico: WARNING: UserWarning: 'beta_orbitals' is not available; there are no items; skipping (for at least one result)
silico: WARNING: UserWarning: 'CC_energies' is not available; there are no items; skipping (for at least one result)
silico: WARNING: UserWarning: 'TDM' is not available; there are no items; skipping (for at least one result)
silico: WARNING: UserWarning: 'absorptions' is not available; there are no items; skipping (for at least one result)
silico: WARNING: UserWarning: 'spin_orbit_coupling' is not available; there are no items; skipping (for at least one result)
silico: WARNING: UserWarning: 'vibrations' is not available; there are no items; skipping (for at least one result)
silico: INFO: Parsing coordinate file '/gpfs1/home/osl/test/Naphthalene/Turbomole Excited States ADC(2) T(1) and T(2) cc-pVDZ/Output/coord'
silico: INFO: Rendering '/gpfs1/home/osl/test/Naphthalene/Turbomole Excited States ADC(2) T(1) and T(2) cc-pVDZ/Report/image/Structure/Naphthalene.skeletal.png' to file(s)
silico: INFO: Converting Turbomole Directory file '/gpfs1/home/osl/test/Naphthalene/Turbomole Excited States ADC(2) T(1) and T(2) cc-pVDZ/Output' to gaussian/cube file '/gpfs1/home/osl/test/Naphthalene/Turbomole Excited States ADC(2) T(1) and T(2) cc-pVDZ/Report/image/Cubes'
silico: INFO: Calculation start on 07/06/2022 18:50:14 
silico: INFO: Calculation end on 07/06/2022 18:50:19
silico: INFO: Calculation duration: 5 s (5.028847 total seconds)
silico: INFO: Parsing calculation result '/tmp/tmppp_gzjuw/Orbitals/Turbomole Orbital Cubes for Excited States ADC(2) T(1) and T(2) cc-pVDZ/Output/Orbitals.log'
silico: INFO: Parsing coordinate file '/tmp/tmppp_gzjuw/Orbitals/Turbomole Orbital Cubes for Excited States ADC(2) T(1) and T(2) cc-pVDZ/Output/coord'
silico: INFO: Rendering /gpfs1/home/osl/test/Naphthalene/Turbomole Excited States ADC(2) T(1) and T(2) cc-pVDZ/Report/image/Structure/Naphthalene.structure.jpg to file(s)
silico: INFO: Rendering /gpfs1/home/osl/test/Naphthalene/Turbomole Excited States ADC(2) T(1) and T(2) cc-pVDZ/Report/image/Density/Naphthalene.SCF.jpg to file(s)
silico: INFO: Rendering /gpfs1/home/osl/test/Naphthalene/Turbomole Excited States ADC(2) T(1) and T(2) cc-pVDZ/Report/image/Dipole Moment/Naphthalene.dipole.jpg to file(s)
silico: INFO: Rendering /gpfs1/home/osl/test/Naphthalene/Turbomole Excited States ADC(2) T(1) and T(2) cc-pVDZ/Report/image/HOMO-1/Naphthalene.HOMO-1.jpg to file(s)
silico: INFO: Rendering '/gpfs1/home/osl/test/Naphthalene/Turbomole Excited States ADC(2) T(1) and T(2) cc-pVDZ/Report/image/Orbital Diagram/Naphthalene.HOMO_LUMO.png' to file(s)
silico: INFO: Rendering /gpfs1/home/osl/test/Naphthalene/Turbomole Excited States ADC(2) T(1) and T(2) cc-pVDZ/Report/image/HOMO/Naphthalene.HOMO.jpg to file(s)
silico: INFO: Rendering /gpfs1/home/osl/test/Naphthalene/Turbomole Excited States ADC(2) T(1) and T(2) cc-pVDZ/Report/image/LUMO/Naphthalene.LUMO.jpg to file(s)
silico: INFO: Rendering /gpfs1/home/osl/test/Naphthalene/Turbomole Excited States ADC(2) T(1) and T(2) cc-pVDZ/Report/image/HOMO LUMO/Naphthalene.HOMO_LUMO.jpg to file(s)
silico: INFO: Rendering '/gpfs1/home/osl/test/Naphthalene/Turbomole Excited States ADC(2) T(1) and T(2) cc-pVDZ/Report/image/Orbital Diagram/Naphthalene.orbitals.png' to file(s)
silico: INFO: Rendering /gpfs1/home/osl/test/Naphthalene/Turbomole Excited States ADC(2) T(1) and T(2) cc-pVDZ/Report/image/LUMO+1/Naphthalene.LUMO+1.jpg to file(s)
silico: INFO: Rendering '/gpfs1/home/osl/test/Naphthalene/Turbomole Excited States ADC(2) T(1) and T(2) cc-pVDZ/Report/image/Naphthalene.excited_states.png' to file(s)
silico: INFO: Rendering '/gpfs1/home/osl/test/Naphthalene/Turbomole Excited States ADC(2) T(1) and T(2) cc-pVDZ/Report/image/Naphthalene.simulated_absorption_spectrum.png' to file(s)
silico: ERROR: Unable to get file '/gpfs1/home/osl/test/Naphthalene/Turbomole Excited States ADC(2) T(1) and T(2) cc-pVDZ/Report/image/Naphthalene.simulated_absorption_spectrum.png'
	File_maker_exception: Error making 'Absorption_graph_maker' file '/gpfs1/home/osl/test/Naphthalene/Turbomole Excited States ADC(2) T(1) and T(2) cc-pVDZ/Report/image/Naphthalene.simulated_absorption_spectrum.png'; Unable to create file
	File_maker_exception: Error making 'Absorption_graph_maker' file '/gpfs1/home/osl/test/Naphthalene/Turbomole Excited States ADC(2) T(1) and T(2) cc-pVDZ/Report/image/Naphthalene.simulated_absorption_spectrum.png'; cannot plot spectrum; there are no values with intensity above 0
silico: INFO: Writing PDF file
silico: INFO: Rendering '/gpfs1/home/osl/test/Naphthalene/Turbomole Excited States ADC(2) T(1) and T(2) cc-pVDZ/Report/image/Structure/Naphthalene.skeletal.png' to file(s)
silico: INFO: Rendering '/gpfs1/home/osl/test/Naphthalene/Turbomole Excited States ADC(2) T(1) and T(2) cc-pVDZ/Report/image/Naphthalene.simulated_absorption_spectrum.png' to file(s)
silico: ERROR: Unable to get file '/gpfs1/home/osl/test/Naphthalene/Turbomole Excited States ADC(2) T(1) and T(2) cc-pVDZ/Report/image/Naphthalene.simulated_absorption_spectrum.png'
	File_maker_exception: Error making 'Absorption_graph_maker' file '/gpfs1/home/osl/test/Naphthalene/Turbomole Excited States ADC(2) T(1) and T(2) cc-pVDZ/Report/image/Naphthalene.simulated_absorption_spectrum.png'; Unable to create file
	File_maker_exception: Error making 'Absorption_graph_maker' file '/gpfs1/home/osl/test/Naphthalene/Turbomole Excited States ADC(2) T(1) and T(2) cc-pVDZ/Report/image/Naphthalene.simulated_absorption_spectrum.png'; cannot plot spectrum; there are no values with intensity above 0
silico: INFO: Rendering '/gpfs1/home/osl/test/Naphthalene/Turbomole Excited States ADC(2) T(1) and T(2) cc-pVDZ/Report/image/Naphthalene.simulated_absorption_spectrum.png' to file(s)
silico: ERROR: Unable to get file '/gpfs1/home/osl/test/Naphthalene/Turbomole Excited States ADC(2) T(1) and T(2) cc-pVDZ/Report/image/Naphthalene.simulated_absorption_spectrum.png'
	File_maker_exception: Error making 'Absorption_graph_maker' file '/gpfs1/home/osl/test/Naphthalene/Turbomole Excited States ADC(2) T(1) and T(2) cc-pVDZ/Report/image/Naphthalene.simulated_absorption_spectrum.png'; Unable to create file
	File_maker_exception: Error making 'Absorption_graph_maker' file '/gpfs1/home/osl/test/Naphthalene/Turbomole Excited States ADC(2) T(1) and T(2) cc-pVDZ/Report/image/Naphthalene.simulated_absorption_spectrum.png'; cannot plot spectrum; there are no values with intensity above 0
silico: INFO: Rendering '/gpfs1/home/osl/test/Naphthalene/Turbomole Excited States ADC(2) T(1) and T(2) cc-pVDZ/Report/image/Orbital Diagram/Naphthalene.orbitals.png' to file(s)
silico: INFO: Rendering '/gpfs1/home/osl/test/Naphthalene/Turbomole Excited States ADC(2) T(1) and T(2) cc-pVDZ/Report/image/Naphthalene.simulated_absorption_spectrum.png' to file(s)
silico: ERROR: Unable to get file '/gpfs1/home/osl/test/Naphthalene/Turbomole Excited States ADC(2) T(1) and T(2) cc-pVDZ/Report/image/Naphthalene.simulated_absorption_spectrum.png'
	File_maker_exception: Error making 'Absorption_graph_maker' file '/gpfs1/home/osl/test/Naphthalene/Turbomole Excited States ADC(2) T(1) and T(2) cc-pVDZ/Report/image/Naphthalene.simulated_absorption_spectrum.png'; Unable to create file
	File_maker_exception: Error making 'Absorption_graph_maker' file '/gpfs1/home/osl/test/Naphthalene/Turbomole Excited States ADC(2) T(1) and T(2) cc-pVDZ/Report/image/Naphthalene.simulated_absorption_spectrum.png'; cannot plot spectrum; there are no values with intensity above 0
silico: INFO: Rendering '/gpfs1/home/osl/test/Naphthalene/Turbomole Excited States ADC(2) T(1) and T(2) cc-pVDZ/Report/image/Naphthalene.excited_states.png' to file(s)
silico: INFO: Rendering '/gpfs1/home/osl/test/Naphthalene/Turbomole Excited States ADC(2) T(1) and T(2) cc-pVDZ/Report/image/Naphthalene.simulated_absorption_spectrum.png' to file(s)
silico: ERROR: Unable to get file '/gpfs1/home/osl/test/Naphthalene/Turbomole Excited States ADC(2) T(1) and T(2) cc-pVDZ/Report/image/Naphthalene.simulated_absorption_spectrum.png'
	File_maker_exception: Error making 'Absorption_graph_maker' file '/gpfs1/home/osl/test/Naphthalene/Turbomole Excited States ADC(2) T(1) and T(2) cc-pVDZ/Report/image/Naphthalene.simulated_absorption_spectrum.png'; Unable to create file
	File_maker_exception: Error making 'Absorption_graph_maker' file '/gpfs1/home/osl/test/Naphthalene/Turbomole Excited States ADC(2) T(1) and T(2) cc-pVDZ/Report/image/Naphthalene.simulated_absorption_spectrum.png'; cannot plot spectrum; there are no values with intensity above 0
silico: INFO: Writing PDF file
silico: INFO: Rendering '/gpfs1/home/osl/test/Naphthalene/Turbomole Excited States ADC(2) T(1) and T(2) cc-pVDZ/Report/image/Structure/Naphthalene.skeletal.png' to file(s)
silico: INFO: Writing PDF file
silico: INFO: Parsing calculation result '/gpfs1/home/osl/test/Naphthalene/Turbomole Optimisation ADC(2) cc-pVDZ/Output/Naphthalene.log'
silico: INFO: Parsing calculation result '/gpfs1/home/osl/test/Naphthalene/Turbomole Excited States ADC(2) S(1) and S(2) cc-pVDZ/Output/Naphthalene.log'
silico: WARNING: UserWarning: Attempting to merge lists of atoms that are not identical; non-equivalent atoms will be ignored
silico: WARNING: UserWarning: Attempting to merge lists of orbitals that are not identical; non-equivalent orbitals will be ignored
silico: WARNING: UserWarning: Attempting to merge list of MP energies that are not identical; non-equivalent energies will be ignored
silico: WARNING: UserWarning: Attempting to merge list of SCF energies that are not identical; non-equivalent energies will be ignored
silico: WARNING: UserWarning: Attempting to merge list of DPMs that are not identical; non-equivalent DPMs will be ignored
silico: INFO: Rendering '/gpfs1/home/osl/test/Naphthalene/Combined Reports/MR-TADF Emitter ADC(2)-SCS/image/Structure/Naphthalene.skeletal.png' to file(s)
silico: INFO: Converting Turbomole Directory file '/gpfs1/home/osl/test/Naphthalene/Turbomole Optimisation ADC(2) cc-pVDZ/Output' to gaussian/cube file '/gpfs1/home/osl/test/Naphthalene/Combined Reports/MR-TADF Emitter ADC(2)-SCS/image/Cubes'
silico: INFO: Calculation start on 07/06/2022 18:54:24 
silico: INFO: Calculation end on 07/06/2022 18:54:29
silico: INFO: Calculation duration: 5 s (5.047843 total seconds)
silico: INFO: Parsing calculation result '/tmp/tmpikxtbfoc/Orbitals/Turbomole Orbital Cubes for Excited States ADC(2) T(1) and T(2) cc-pVDZ/Output/Orbitals.log'
silico: INFO: Parsing coordinate file '/tmp/tmpikxtbfoc/Orbitals/Turbomole Orbital Cubes for Excited States ADC(2) T(1) and T(2) cc-pVDZ/Output/coord'
silico: INFO: Rendering /gpfs1/home/osl/test/Naphthalene/Combined Reports/MR-TADF Emitter ADC(2)-SCS/image/Structure/Naphthalene.structure.jpg to file(s)
silico: INFO: Rendering '/gpfs1/home/osl/test/Naphthalene/Combined Reports/MR-TADF Emitter ADC(2)-SCS/image/Naphthalene.SCF_graph.png' to file(s)
silico: INFO: Rendering '/gpfs1/home/osl/test/Naphthalene/Combined Reports/MR-TADF Emitter ADC(2)-SCS/image/Naphthalene.MP_graph.png' to file(s)
silico: INFO: Rendering /gpfs1/home/osl/test/Naphthalene/Combined Reports/MR-TADF Emitter ADC(2)-SCS/image/Density/Naphthalene.SCF.jpg to file(s)
silico: INFO: Rendering /gpfs1/home/osl/test/Naphthalene/Combined Reports/MR-TADF Emitter ADC(2)-SCS/image/Dipole Moment/Naphthalene.dipole.jpg to file(s)
silico: INFO: Rendering /gpfs1/home/osl/test/Naphthalene/Combined Reports/MR-TADF Emitter ADC(2)-SCS/image/HOMO-1/Naphthalene.HOMO-1.jpg to file(s)
silico: INFO: Rendering '/gpfs1/home/osl/test/Naphthalene/Combined Reports/MR-TADF Emitter ADC(2)-SCS/image/Orbital Diagram/Naphthalene.HOMO_LUMO.png' to file(s)
silico: INFO: Rendering /gpfs1/home/osl/test/Naphthalene/Combined Reports/MR-TADF Emitter ADC(2)-SCS/image/HOMO/Naphthalene.HOMO.jpg to file(s)
silico: INFO: Rendering /gpfs1/home/osl/test/Naphthalene/Combined Reports/MR-TADF Emitter ADC(2)-SCS/image/LUMO/Naphthalene.LUMO.jpg to file(s)
silico: INFO: Rendering /gpfs1/home/osl/test/Naphthalene/Combined Reports/MR-TADF Emitter ADC(2)-SCS/image/HOMO LUMO/Naphthalene.HOMO_LUMO.jpg to file(s)
silico: INFO: Rendering '/gpfs1/home/osl/test/Naphthalene/Combined Reports/MR-TADF Emitter ADC(2)-SCS/image/Orbital Diagram/Naphthalene.orbitals.png' to file(s)
silico: INFO: Rendering /gpfs1/home/osl/test/Naphthalene/Combined Reports/MR-TADF Emitter ADC(2)-SCS/image/LUMO+1/Naphthalene.LUMO+1.jpg to file(s)
silico: INFO: Rendering '/gpfs1/home/osl/test/Naphthalene/Combined Reports/MR-TADF Emitter ADC(2)-SCS/image/Naphthalene.excited_states.png' to file(s)
silico: INFO: Rendering '/gpfs1/home/osl/test/Naphthalene/Combined Reports/MR-TADF Emitter ADC(2)-SCS/image/Naphthalene.simulated_absorption_spectrum.png' to file(s)
silico: INFO: Converting Turbomole Directory file '/gpfs1/home/osl/test/Naphthalene/Turbomole Excited States ADC(2) T(1) and T(2) cc-pVDZ/Output' to gaussian/cube file '/gpfs1/home/osl/test/Naphthalene/Combined Reports/MR-TADF Emitter ADC(2)-SCS/image/Cubes/T(1)_difference_density.cub'
silico: INFO: Calculation start on 07/06/2022 18:57:46 
silico: INFO: Calculation end on 07/06/2022 18:57:50
silico: INFO: Calculation duration: 3 s (3.455138 total seconds)
silico: INFO: Parsing calculation result '/tmp/tmp6p1r43zf/Anadens/Turbomole Anadens for Excited States ADC(2) T(1) and T(2) cc-pVDZ/Output/Anadens.log'
silico: INFO: Parsing coordinate file '/tmp/tmp6p1r43zf/Anadens/Turbomole Anadens for Excited States ADC(2) T(1) and T(2) cc-pVDZ/Output/coord'
silico: INFO: Rendering /gpfs1/home/osl/test/Naphthalene/Combined Reports/MR-TADF Emitter ADC(2)-SCS/image/T(1)/Naphthalene.T(1)_difference_density.jpg to file(s)
silico: INFO: Converting Turbomole Directory file '/gpfs1/home/osl/test/Naphthalene/Turbomole Excited States ADC(2) T(1) and T(2) cc-pVDZ/Output' to gaussian/cube file '/gpfs1/home/osl/test/Naphthalene/Combined Reports/MR-TADF Emitter ADC(2)-SCS/image/Cubes/T(2)_difference_density.cub'
silico: INFO: Calculation start on 07/06/2022 18:58:13 
silico: INFO: Calculation end on 07/06/2022 18:58:17
silico: INFO: Calculation duration: 3 s (3.222554 total seconds)
silico: INFO: Parsing calculation result '/tmp/tmpyrqkc2py/Anadens/Turbomole Anadens for Excited States ADC(2) T(1) and T(2) cc-pVDZ/Output/Anadens.log'
silico: INFO: Parsing coordinate file '/tmp/tmpyrqkc2py/Anadens/Turbomole Anadens for Excited States ADC(2) T(1) and T(2) cc-pVDZ/Output/coord'
silico: INFO: Rendering /gpfs1/home/osl/test/Naphthalene/Combined Reports/MR-TADF Emitter ADC(2)-SCS/image/T(2)/Naphthalene.T(2)_difference_density.jpg to file(s)
silico: INFO: Converting Turbomole Directory file '/gpfs1/home/osl/test/Naphthalene/Turbomole Excited States ADC(2) S(1) and S(2) cc-pVDZ/Output' to gaussian/cube file '/gpfs1/home/osl/test/Naphthalene/Combined Reports/MR-TADF Emitter ADC(2)-SCS/image/Cubes/S(1)_difference_density.cub'
silico: INFO: Calculation start on 07/06/2022 18:58:35 
silico: INFO: Calculation end on 07/06/2022 18:58:39
silico: INFO: Calculation duration: 3 s (3.251234 total seconds)
silico: INFO: Parsing calculation result '/tmp/tmp8jyodbfq/Anadens/Turbomole Anadens for Excited States ADC(2) T(1) and T(2) cc-pVDZ/Output/Anadens.log'
silico: INFO: Parsing coordinate file '/tmp/tmp8jyodbfq/Anadens/Turbomole Anadens for Excited States ADC(2) T(1) and T(2) cc-pVDZ/Output/coord'
silico: INFO: Rendering /gpfs1/home/osl/test/Naphthalene/Combined Reports/MR-TADF Emitter ADC(2)-SCS/image/S(1)/Naphthalene.S(1)_difference_density.jpg to file(s)
silico: INFO: Converting Turbomole Directory file '/gpfs1/home/osl/test/Naphthalene/Turbomole Excited States ADC(2) S(1) and S(2) cc-pVDZ/Output' to gaussian/cube file '/gpfs1/home/osl/test/Naphthalene/Combined Reports/MR-TADF Emitter ADC(2)-SCS/image/Cubes/S(2)_difference_density.cub'
silico: INFO: Calculation start on 07/06/2022 18:58:59 
silico: INFO: Calculation end on 07/06/2022 18:59:03
silico: INFO: Calculation duration: 3 s (3.249161 total seconds)
silico: INFO: Parsing calculation result '/tmp/tmp3g6uql88/Anadens/Turbomole Anadens for Excited States ADC(2) T(1) and T(2) cc-pVDZ/Output/Anadens.log'
silico: INFO: Parsing coordinate file '/tmp/tmp3g6uql88/Anadens/Turbomole Anadens for Excited States ADC(2) T(1) and T(2) cc-pVDZ/Output/coord'
silico: INFO: Rendering /gpfs1/home/osl/test/Naphthalene/Combined Reports/MR-TADF Emitter ADC(2)-SCS/image/S(2)/Naphthalene.S(2)_difference_density.jpg to file(s)
silico: INFO: Writing PDF file
silico: INFO: Rendering '/gpfs1/home/osl/test/Naphthalene/Combined Reports/MR-TADF Emitter ADC(2)-SCS/image/Structure/Naphthalene.skeletal.png' to file(s)
silico: INFO: Rendering '/gpfs1/home/osl/test/Naphthalene/Combined Reports/MR-TADF Emitter ADC(2)-SCS/image/Naphthalene.simulated_absorption_spectrum.png' to file(s)
silico: INFO: Rendering '/gpfs1/home/osl/test/Naphthalene/Combined Reports/MR-TADF Emitter ADC(2)-SCS/image/Naphthalene.SCF_graph.png' to file(s)
silico: INFO: Rendering '/gpfs1/home/osl/test/Naphthalene/Combined Reports/MR-TADF Emitter ADC(2)-SCS/image/Naphthalene.MP_graph.png' to file(s)
silico: INFO: Rendering '/gpfs1/home/osl/test/Naphthalene/Combined Reports/MR-TADF Emitter ADC(2)-SCS/image/Orbital Diagram/Naphthalene.orbitals.png' to file(s)
silico: INFO: Rendering '/gpfs1/home/osl/test/Naphthalene/Combined Reports/MR-TADF Emitter ADC(2)-SCS/image/Naphthalene.excited_states.png' to file(s)
silico: INFO: Writing PDF file
