silico: INFO: Calculation start on 24/06/2022 12:19:35 
silico: INFO: Calculation end on 24/06/2022 12:21:56
silico: INFO: Calculation duration: 2 m, 20 s (140.961517 total seconds)
silico: INFO: Parsing calculation result '/gpfs1/home/osl/test/Benzene/Turbomole Optimisation Frequency PBE0 (GD3BJ) 6-31G**/Output/Benzene.log'
silico: WARNING: UserWarning: 'MP' is not available; there is no energy of the requested type; skipping (for at least one result)
silico: WARNING: UserWarning: 'CC' is not available; there is no energy of the requested type; skipping (for at least one result)
silico: WARNING: UserWarning: 'dipole moment' is not available; there is no dipole of the requested type; skipping (for at least one result)
silico: WARNING: UserWarning: 'excited states' is not available; there are no excited states; skipping (for at least one result)
silico: WARNING: UserWarning: 'Vertical Emission' is not available; No vertical emission with mult 1 available; skipping (for at least one result)
silico: WARNING: UserWarning: 'Vertical Emission' is not available; No vertical emission with mult 3 available; skipping (for at least one result)
silico: WARNING: UserWarning: 'Adiabatic Emission' is not available; No adiabatic emission with mult 1 available; skipping (for at least one result)
silico: WARNING: UserWarning: 'Adiabatic Emission' is not available; No adiabatic emission with mult 3 available; skipping (for at least one result)
silico: WARNING: UserWarning: 'SOC' is not available; there is no spin-orbit coupling; skipping (for at least one result)
silico: WARNING: UserWarning: 'MP energy' is not available; there is no MP energy; skipping (for at least one result)
silico: WARNING: UserWarning: 'CC energy' is not available; there is no CC energy; skipping (for at least one result)
silico: WARNING: UserWarning: 'Excited state' is not available; could not find excited state with symbol = 'None'; skipping (for at least one result)
silico: WARNING: UserWarning: 'Spin-orbit coupling' is not available; could not find SOC between states with symbols 'S(0)' and 'T(1)'; skipping (for at least one result)
silico: WARNING: UserWarning: 'Spin-orbit coupling' is not available; could not find SOC between states with symbols 'S(1)' and 'T(1)'; skipping (for at least one result)
silico: WARNING: UserWarning: 'MP_energies' is not available; there are no items; skipping (for at least one result)
silico: WARNING: UserWarning: 'CC_energies' is not available; there are no items; skipping (for at least one result)
silico: WARNING: UserWarning: 'excited_states' is not available; there are no items; skipping (for at least one result)
silico: WARNING: UserWarning: 'transitions' is not available; there are no items; skipping (for at least one result)
silico: WARNING: UserWarning: 'TDM' is not available; there are no items; skipping (for at least one result)
silico: WARNING: UserWarning: 'absorptions' is not available; there are no items; skipping (for at least one result)
silico: WARNING: UserWarning: 'spin_orbit_coupling' is not available; there are no items; skipping (for at least one result)
silico: INFO: Parsing coordinate file '/gpfs1/home/osl/test/Benzene/Turbomole Optimisation Frequency PBE0 (GD3BJ) 6-31G**/Output/coord'
silico: INFO: Rendering '/gpfs1/home/osl/test/Benzene/Turbomole Optimisation Frequency PBE0 (GD3BJ) 6-31G**/Report/image/Structure/Benzene.skeletal.png' to file(s)
silico: INFO: Converting Turbomole Directory file '/gpfs1/home/osl/test/Benzene/Turbomole Optimisation Frequency PBE0 (GD3BJ) 6-31G**/Output' to gaussian/cube file '/gpfs1/home/osl/test/Benzene/Turbomole Optimisation Frequency PBE0 (GD3BJ) 6-31G**/Report/image/Cubes'
silico: INFO: Calculation start on 24/06/2022 12:22:08 
silico: INFO: Calculation end on 24/06/2022 12:22:11
silico: INFO: Calculation duration: 2 s (2.890232 total seconds)
silico: INFO: Parsing calculation result '/tmp/tmp42g11gqs/Orbitals/Turbomole Orbital Cubes for Optimisation Frequency PBE0 (GD3BJ) 6-31G**/Output/Orbitals.log'
silico: INFO: Parsing coordinate file '/tmp/tmp42g11gqs/Orbitals/Turbomole Orbital Cubes for Optimisation Frequency PBE0 (GD3BJ) 6-31G**/Output/coord'
silico: INFO: Rendering /gpfs1/home/osl/test/Benzene/Turbomole Optimisation Frequency PBE0 (GD3BJ) 6-31G**/Report/image/Structure/Benzene.structure.jpg to file(s)
silico: INFO: Rendering '/gpfs1/home/osl/test/Benzene/Turbomole Optimisation Frequency PBE0 (GD3BJ) 6-31G**/Report/image/Benzene.SCF_graph.png' to file(s)
silico: INFO: Rendering /gpfs1/home/osl/test/Benzene/Turbomole Optimisation Frequency PBE0 (GD3BJ) 6-31G**/Report/image/Density/Benzene.SCF.jpg to file(s)
silico: INFO: Rendering /gpfs1/home/osl/test/Benzene/Turbomole Optimisation Frequency PBE0 (GD3BJ) 6-31G**/Report/image/Dipole Moment/Benzene.dipole.jpg to file(s)
silico: INFO: Rendering /gpfs1/home/osl/test/Benzene/Turbomole Optimisation Frequency PBE0 (GD3BJ) 6-31G**/Report/image/Spin Density/Benzene.spin_pos.jpg to file(s)
silico: INFO: Rendering /gpfs1/home/osl/test/Benzene/Turbomole Optimisation Frequency PBE0 (GD3BJ) 6-31G**/Report/image/Spin Density/Benzene.spin_neg.jpg to file(s)
silico: INFO: Rendering /gpfs1/home/osl/test/Benzene/Turbomole Optimisation Frequency PBE0 (GD3BJ) 6-31G**/Report/image/Spin Density/Benzene.spin_both.jpg to file(s)
silico: INFO: Rendering '/gpfs1/home/osl/test/Benzene/Turbomole Optimisation Frequency PBE0 (GD3BJ) 6-31G**/Report/image/Orbital Diagram/Benzene.alpha_HOMO_LUMO.png' to file(s)
silico: INFO: Rendering /gpfs1/home/osl/test/Benzene/Turbomole Optimisation Frequency PBE0 (GD3BJ) 6-31G**/Report/image/HOMO (alpha)/Benzene.HOMO (alpha).jpg to file(s)
silico: INFO: Rendering /gpfs1/home/osl/test/Benzene/Turbomole Optimisation Frequency PBE0 (GD3BJ) 6-31G**/Report/image/LUMO (alpha)/Benzene.LUMO (alpha).jpg to file(s)
silico: INFO: Rendering /gpfs1/home/osl/test/Benzene/Turbomole Optimisation Frequency PBE0 (GD3BJ) 6-31G**/Report/image/HOMO LUMO/Benzene.alpha_HOMO_LUMO.jpg to file(s)
silico: INFO: Rendering '/gpfs1/home/osl/test/Benzene/Turbomole Optimisation Frequency PBE0 (GD3BJ) 6-31G**/Report/image/Orbital Diagram/Benzene.alpha_orbitals.png' to file(s)
silico: INFO: Rendering '/gpfs1/home/osl/test/Benzene/Turbomole Optimisation Frequency PBE0 (GD3BJ) 6-31G**/Report/image/Orbital Diagram/Benzene.beta_HOMO_LUMO.png' to file(s)
silico: INFO: Rendering /gpfs1/home/osl/test/Benzene/Turbomole Optimisation Frequency PBE0 (GD3BJ) 6-31G**/Report/image/HOMO (beta)/Benzene.HOMO (beta).jpg to file(s)
silico: INFO: Rendering /gpfs1/home/osl/test/Benzene/Turbomole Optimisation Frequency PBE0 (GD3BJ) 6-31G**/Report/image/LUMO (beta)/Benzene.LUMO (beta).jpg to file(s)
silico: INFO: Rendering /gpfs1/home/osl/test/Benzene/Turbomole Optimisation Frequency PBE0 (GD3BJ) 6-31G**/Report/image/HOMO LUMO/Benzene.beta_HOMO_LUMO.jpg to file(s)
silico: INFO: Rendering '/gpfs1/home/osl/test/Benzene/Turbomole Optimisation Frequency PBE0 (GD3BJ) 6-31G**/Report/image/Orbital Diagram/Benzene.beta_orbitals.png' to file(s)
silico: INFO: Rendering '/gpfs1/home/osl/test/Benzene/Turbomole Optimisation Frequency PBE0 (GD3BJ) 6-31G**/Report/image/Benzene.simulated_frequencies.png' to file(s)
silico: INFO: Writing PDF file
silico: INFO: Rendering '/gpfs1/home/osl/test/Benzene/Turbomole Optimisation Frequency PBE0 (GD3BJ) 6-31G**/Report/image/Structure/Benzene.skeletal.png' to file(s)
silico: INFO: Rendering '/gpfs1/home/osl/test/Benzene/Turbomole Optimisation Frequency PBE0 (GD3BJ) 6-31G**/Report/image/Benzene.SCF_graph.png' to file(s)
silico: INFO: Rendering '/gpfs1/home/osl/test/Benzene/Turbomole Optimisation Frequency PBE0 (GD3BJ) 6-31G**/Report/image/Orbital Diagram/Benzene.alpha_orbitals.png' to file(s)
silico: INFO: Rendering '/gpfs1/home/osl/test/Benzene/Turbomole Optimisation Frequency PBE0 (GD3BJ) 6-31G**/Report/image/Orbital Diagram/Benzene.beta_orbitals.png' to file(s)
silico: INFO: Rendering '/gpfs1/home/osl/test/Benzene/Turbomole Optimisation Frequency PBE0 (GD3BJ) 6-31G**/Report/image/Benzene.simulated_frequencies.png' to file(s)
silico: INFO: Writing PDF file
silico: INFO: Rendering '/gpfs1/home/osl/test/Benzene/Turbomole Optimisation Frequency PBE0 (GD3BJ) 6-31G**/Report/image/Structure/Benzene.skeletal.png' to file(s)
silico: INFO: Writing PDF file
