silico: INFO: Calculation start on 07/06/2022 18:36:31 
silico: INFO: Calculation end on 07/06/2022 18:40:35
silico: INFO: Calculation duration: 4 m, 4 s (244.02896 total seconds)
silico: INFO: Parsing calculation result '/gpfs1/home/osl/test/Naphthalene/Turbomole Excited States ADC(2) S(1) and S(2) cc-pVDZ/Output/Naphthalene.log'
silico: WARNING: UserWarning: 'vibrations' is not available; there are no vibrational frequencies; skipping (for at least one result)
silico: WARNING: UserWarning: 'CC' is not available; there is no energy of the requested type; skipping (for at least one result)
silico: WARNING: UserWarning: 'orbitals' is not available; there are no orbitals of the requested type; skipping (for at least one result)
silico: WARNING: UserWarning: 'dipole moment' is not available; there is no dipole of the requested type; skipping (for at least one result)
silico: WARNING: UserWarning: 'Vertical Emission' is not available; No vertical emission with mult 1 available; skipping (for at least one result)
silico: WARNING: UserWarning: 'Vertical Emission' is not available; No vertical emission with mult 3 available; skipping (for at least one result)
silico: WARNING: UserWarning: 'Adiabatic Emission' is not available; No adiabatic emission with mult 1 available; skipping (for at least one result)
silico: WARNING: UserWarning: 'Adiabatic Emission' is not available; No adiabatic emission with mult 3 available; skipping (for at least one result)
silico: WARNING: UserWarning: 'SOC' is not available; there is no spin-orbit coupling; skipping (for at least one result)
silico: WARNING: UserWarning: 'vibrational frequencies' is not available; there are no vibrational frequencies; skipping (for at least one result)
silico: WARNING: UserWarning: 'CC energy' is not available; there is no CC energy; skipping (for at least one result)
silico: WARNING: UserWarning: 'Orbital' is not available; could not find orbital with criteria = '+0', label = 'None', HOMO_difference = 'None', level = 'None'; skipping (for at least one result)
silico: WARNING: UserWarning: 'Orbital' is not available; could not find orbital with criteria = '+1', label = 'None', HOMO_difference = 'None', level = 'None'; skipping (for at least one result)
silico: WARNING: UserWarning: 'Orbital Spin' is not available; There are no orbitals; skipping (for at least one result)
silico: WARNING: UserWarning: 'Excited state' is not available; could not find excited state with symbol = 'None'; skipping (for at least one result)
silico: WARNING: UserWarning: 'Spin-orbit coupling' is not available; could not find SOC between states with symbols 'S(0)' and 'T(1)'; skipping (for at least one result)
silico: WARNING: UserWarning: 'Spin-orbit coupling' is not available; could not find SOC between states with symbols 'S(1)' and 'T(1)'; skipping (for at least one result)
silico: WARNING: UserWarning: 'beta_orbitals' is not available; there are no items; skipping (for at least one result)
silico: WARNING: UserWarning: 'CC_energies' is not available; there are no items; skipping (for at least one result)
silico: WARNING: UserWarning: 'TDM' is not available; there are no items; skipping (for at least one result)
silico: WARNING: UserWarning: 'spin_orbit_coupling' is not available; there are no items; skipping (for at least one result)
silico: WARNING: UserWarning: 'vibrations' is not available; there are no items; skipping (for at least one result)
silico: INFO: Parsing coordinate file '/gpfs1/home/osl/test/Naphthalene/Turbomole Excited States ADC(2) S(1) and S(2) cc-pVDZ/Output/coord'
silico: INFO: Rendering '/gpfs1/home/osl/test/Naphthalene/Turbomole Excited States ADC(2) S(1) and S(2) cc-pVDZ/Report/image/Structure/Naphthalene.skeletal.png' to file(s)
silico: INFO: Converting Turbomole Directory file '/gpfs1/home/osl/test/Naphthalene/Turbomole Excited States ADC(2) S(1) and S(2) cc-pVDZ/Output' to gaussian/cube file '/gpfs1/home/osl/test/Naphthalene/Turbomole Excited States ADC(2) S(1) and S(2) cc-pVDZ/Report/image/Cubes'
silico: INFO: Calculation start on 07/06/2022 18:40:39 
silico: INFO: Calculation end on 07/06/2022 18:40:44
silico: INFO: Calculation duration: 5 s (5.261735 total seconds)
silico: INFO: Parsing calculation result '/tmp/tmp_fh52ggp/Orbitals/Turbomole Orbital Cubes for Excited States ADC(2) S(1) and S(2) cc-pVDZ/Output/Orbitals.log'
silico: INFO: Parsing coordinate file '/tmp/tmp_fh52ggp/Orbitals/Turbomole Orbital Cubes for Excited States ADC(2) S(1) and S(2) cc-pVDZ/Output/coord'
silico: INFO: Rendering /gpfs1/home/osl/test/Naphthalene/Turbomole Excited States ADC(2) S(1) and S(2) cc-pVDZ/Report/image/Structure/Naphthalene.structure.jpg to file(s)
silico: INFO: Rendering /gpfs1/home/osl/test/Naphthalene/Turbomole Excited States ADC(2) S(1) and S(2) cc-pVDZ/Report/image/Density/Naphthalene.SCF.jpg to file(s)
silico: INFO: Rendering /gpfs1/home/osl/test/Naphthalene/Turbomole Excited States ADC(2) S(1) and S(2) cc-pVDZ/Report/image/Dipole Moment/Naphthalene.dipole.jpg to file(s)
silico: INFO: Rendering /gpfs1/home/osl/test/Naphthalene/Turbomole Excited States ADC(2) S(1) and S(2) cc-pVDZ/Report/image/HOMO-1/Naphthalene.HOMO-1.jpg to file(s)
silico: INFO: Rendering '/gpfs1/home/osl/test/Naphthalene/Turbomole Excited States ADC(2) S(1) and S(2) cc-pVDZ/Report/image/Orbital Diagram/Naphthalene.HOMO_LUMO.png' to file(s)
silico: INFO: Rendering /gpfs1/home/osl/test/Naphthalene/Turbomole Excited States ADC(2) S(1) and S(2) cc-pVDZ/Report/image/HOMO/Naphthalene.HOMO.jpg to file(s)
silico: INFO: Rendering /gpfs1/home/osl/test/Naphthalene/Turbomole Excited States ADC(2) S(1) and S(2) cc-pVDZ/Report/image/LUMO/Naphthalene.LUMO.jpg to file(s)
silico: INFO: Rendering /gpfs1/home/osl/test/Naphthalene/Turbomole Excited States ADC(2) S(1) and S(2) cc-pVDZ/Report/image/HOMO LUMO/Naphthalene.HOMO_LUMO.jpg to file(s)
silico: INFO: Rendering '/gpfs1/home/osl/test/Naphthalene/Turbomole Excited States ADC(2) S(1) and S(2) cc-pVDZ/Report/image/Orbital Diagram/Naphthalene.orbitals.png' to file(s)
silico: INFO: Rendering /gpfs1/home/osl/test/Naphthalene/Turbomole Excited States ADC(2) S(1) and S(2) cc-pVDZ/Report/image/LUMO+1/Naphthalene.LUMO+1.jpg to file(s)
silico: INFO: Rendering '/gpfs1/home/osl/test/Naphthalene/Turbomole Excited States ADC(2) S(1) and S(2) cc-pVDZ/Report/image/Naphthalene.excited_states.png' to file(s)
silico: INFO: Rendering '/gpfs1/home/osl/test/Naphthalene/Turbomole Excited States ADC(2) S(1) and S(2) cc-pVDZ/Report/image/Naphthalene.simulated_absorption_spectrum.png' to file(s)
silico: INFO: Writing PDF file
silico: INFO: Rendering '/gpfs1/home/osl/test/Naphthalene/Turbomole Excited States ADC(2) S(1) and S(2) cc-pVDZ/Report/image/Structure/Naphthalene.skeletal.png' to file(s)
silico: INFO: Rendering '/gpfs1/home/osl/test/Naphthalene/Turbomole Excited States ADC(2) S(1) and S(2) cc-pVDZ/Report/image/Naphthalene.simulated_absorption_spectrum.png' to file(s)
silico: INFO: Rendering '/gpfs1/home/osl/test/Naphthalene/Turbomole Excited States ADC(2) S(1) and S(2) cc-pVDZ/Report/image/Orbital Diagram/Naphthalene.orbitals.png' to file(s)
silico: INFO: Rendering '/gpfs1/home/osl/test/Naphthalene/Turbomole Excited States ADC(2) S(1) and S(2) cc-pVDZ/Report/image/Naphthalene.excited_states.png' to file(s)
silico: INFO: Writing PDF file
silico: INFO: Rendering '/gpfs1/home/osl/test/Naphthalene/Turbomole Excited States ADC(2) S(1) and S(2) cc-pVDZ/Report/image/Structure/Naphthalene.skeletal.png' to file(s)
silico: INFO: Writing PDF file
silico: INFO: Parsing coordinate file '/gpfs1/home/osl/test/Naphthalene/Turbomole Excited States ADC(2) S(1) and S(2) cc-pVDZ/Output/coord'
