silico: INFO: Calculation start on 20/06/2022 17:11:26 
silico: INFO: Calculation end on 20/06/2022 17:16:55
silico: INFO: Calculation duration: 5 m, 28 s (328.583933 total seconds)
silico: INFO: Converting gaussian/checkpoint file '/scratch/tmp/osl/7882745a9a924a698871eca000df4600/Output/Benzene.chk' to gaussian/formatted-checkpoint file '/gpfs1/home/osl/test/Benzene/Gaussian 16 Optimisation Frequencies PBE1PBE (GD3BJ) Gas Phase 6-31G(d,p)/Output/Benzene.fchk'
silico: INFO: Parsing calculation result '/gpfs1/home/osl/test/Benzene/Gaussian 16 Optimisation Frequencies PBE1PBE (GD3BJ) Gas Phase 6-31G(d,p)/Output/Benzene.log'
silico: WARNING: UserWarning: 'MP' is not available; there is no energy of the requested type; skipping (for at least one result)
silico: WARNING: UserWarning: 'CC' is not available; there is no energy of the requested type; skipping (for at least one result)
silico: WARNING: UserWarning: 'dipole moment' is not available; there is no dipole of the requested type; skipping (for at least one result)
silico: WARNING: UserWarning: 'excited states' is not available; there are no excited states; skipping (for at least one result)
silico: WARNING: UserWarning: 'Vertical Emission' is not available; No vertical emission with mult 1 available; skipping (for at least one result)
silico: WARNING: UserWarning: 'Vertical Emission' is not available; No vertical emission with mult 3 available; skipping (for at least one result)
silico: WARNING: UserWarning: 'Adiabatic Emission' is not available; No adiabatic emission with mult 1 available; skipping (for at least one result)
silico: WARNING: UserWarning: 'Adiabatic Emission' is not available; No adiabatic emission with mult 3 available; skipping (for at least one result)
silico: WARNING: UserWarning: 'SOC' is not available; there is no spin-orbit coupling; skipping (for at least one result)
silico: WARNING: UserWarning: 'MP energy' is not available; there is no MP energy; skipping (for at least one result)
silico: WARNING: UserWarning: 'CC energy' is not available; there is no CC energy; skipping (for at least one result)
silico: WARNING: UserWarning: 'Excited state' is not available; could not find excited state with symbol = 'None'; skipping (for at least one result)
silico: WARNING: UserWarning: 'Spin-orbit coupling' is not available; could not find SOC between states with symbols 'S(0)' and 'T(1)'; skipping (for at least one result)
silico: WARNING: UserWarning: 'Spin-orbit coupling' is not available; could not find SOC between states with symbols 'S(1)' and 'T(1)'; skipping (for at least one result)
silico: WARNING: UserWarning: 'MP_energies' is not available; there are no items; skipping (for at least one result)
silico: WARNING: UserWarning: 'CC_energies' is not available; there are no items; skipping (for at least one result)
silico: WARNING: UserWarning: 'excited_states' is not available; there are no items; skipping (for at least one result)
silico: WARNING: UserWarning: 'transitions' is not available; there are no items; skipping (for at least one result)
silico: WARNING: UserWarning: 'TDM' is not available; there are no items; skipping (for at least one result)
silico: WARNING: UserWarning: 'absorptions' is not available; there are no items; skipping (for at least one result)
silico: WARNING: UserWarning: 'spin_orbit_coupling' is not available; there are no items; skipping (for at least one result)
silico: INFO: Parsing coordinate file '/gpfs1/home/osl/test/Benzene/Gaussian 16 Optimisation Frequencies PBE1PBE (GD3BJ) Gas Phase 6-31G(d,p)/Output/Benzene.log'
silico: INFO: Rendering '/gpfs1/home/osl/test/Benzene/Gaussian 16 Optimisation Frequencies PBE1PBE (GD3BJ) Gas Phase 6-31G(d,p)/Report/image/Structure/Benzene.skeletal.png' to file(s)
silico: INFO: Converting gaussian/formatted-checkpoint file '/gpfs1/home/osl/test/Benzene/Gaussian 16 Optimisation Frequencies PBE1PBE (GD3BJ) Gas Phase 6-31G(d,p)/Output/Benzene.fchk' to gaussian/cube file '/gpfs1/home/osl/test/Benzene/Gaussian 16 Optimisation Frequencies PBE1PBE (GD3BJ) Gas Phase 6-31G(d,p)/Report/image/HOMO (alpha)/Benzene.HOMO (alpha).cube'
silico: INFO: Rendering /gpfs1/home/osl/test/Benzene/Gaussian 16 Optimisation Frequencies PBE1PBE (GD3BJ) Gas Phase 6-31G(d,p)/Report/image/Structure/Benzene.structure.jpg to file(s)
silico: INFO: Rendering '/gpfs1/home/osl/test/Benzene/Gaussian 16 Optimisation Frequencies PBE1PBE (GD3BJ) Gas Phase 6-31G(d,p)/Report/image/Benzene.SCF_graph.png' to file(s)
silico: INFO: Converting gaussian/formatted-checkpoint file '/gpfs1/home/osl/test/Benzene/Gaussian 16 Optimisation Frequencies PBE1PBE (GD3BJ) Gas Phase 6-31G(d,p)/Output/Benzene.fchk' to gaussian/cube file '/gpfs1/home/osl/test/Benzene/Gaussian 16 Optimisation Frequencies PBE1PBE (GD3BJ) Gas Phase 6-31G(d,p)/Report/image/Density/Benzene.SCF.cube'
silico: INFO: Rendering /gpfs1/home/osl/test/Benzene/Gaussian 16 Optimisation Frequencies PBE1PBE (GD3BJ) Gas Phase 6-31G(d,p)/Report/image/Density/Benzene.SCF.jpg to file(s)
silico: INFO: Rendering /gpfs1/home/osl/test/Benzene/Gaussian 16 Optimisation Frequencies PBE1PBE (GD3BJ) Gas Phase 6-31G(d,p)/Report/image/Dipole Moment/Benzene.dipole.jpg to file(s)
silico: INFO: Converting gaussian/formatted-checkpoint file '/gpfs1/home/osl/test/Benzene/Gaussian 16 Optimisation Frequencies PBE1PBE (GD3BJ) Gas Phase 6-31G(d,p)/Output/Benzene.fchk' to gaussian/cube file '/gpfs1/home/osl/test/Benzene/Gaussian 16 Optimisation Frequencies PBE1PBE (GD3BJ) Gas Phase 6-31G(d,p)/Report/image/Spin Density/Benzene.spin.cube'
silico: INFO: Rendering /gpfs1/home/osl/test/Benzene/Gaussian 16 Optimisation Frequencies PBE1PBE (GD3BJ) Gas Phase 6-31G(d,p)/Report/image/Spin Density/Benzene.spin_pos.jpg to file(s)
silico: INFO: Rendering /gpfs1/home/osl/test/Benzene/Gaussian 16 Optimisation Frequencies PBE1PBE (GD3BJ) Gas Phase 6-31G(d,p)/Report/image/Spin Density/Benzene.spin_neg.jpg to file(s)
silico: INFO: Rendering /gpfs1/home/osl/test/Benzene/Gaussian 16 Optimisation Frequencies PBE1PBE (GD3BJ) Gas Phase 6-31G(d,p)/Report/image/Spin Density/Benzene.spin_both.jpg to file(s)
silico: INFO: Rendering '/gpfs1/home/osl/test/Benzene/Gaussian 16 Optimisation Frequencies PBE1PBE (GD3BJ) Gas Phase 6-31G(d,p)/Report/image/Orbital Diagram/Benzene.alpha_HOMO_LUMO.png' to file(s)
silico: INFO: Rendering /gpfs1/home/osl/test/Benzene/Gaussian 16 Optimisation Frequencies PBE1PBE (GD3BJ) Gas Phase 6-31G(d,p)/Report/image/HOMO (alpha)/Benzene.HOMO (alpha).jpg to file(s)
silico: INFO: Converting gaussian/formatted-checkpoint file '/gpfs1/home/osl/test/Benzene/Gaussian 16 Optimisation Frequencies PBE1PBE (GD3BJ) Gas Phase 6-31G(d,p)/Output/Benzene.fchk' to gaussian/cube file '/gpfs1/home/osl/test/Benzene/Gaussian 16 Optimisation Frequencies PBE1PBE (GD3BJ) Gas Phase 6-31G(d,p)/Report/image/LUMO (alpha)/Benzene.LUMO (alpha).cube'
silico: INFO: Rendering /gpfs1/home/osl/test/Benzene/Gaussian 16 Optimisation Frequencies PBE1PBE (GD3BJ) Gas Phase 6-31G(d,p)/Report/image/LUMO (alpha)/Benzene.LUMO (alpha).jpg to file(s)
silico: INFO: Rendering /gpfs1/home/osl/test/Benzene/Gaussian 16 Optimisation Frequencies PBE1PBE (GD3BJ) Gas Phase 6-31G(d,p)/Report/image/HOMO LUMO/Benzene.alpha_HOMO_LUMO.jpg to file(s)
silico: INFO: Rendering '/gpfs1/home/osl/test/Benzene/Gaussian 16 Optimisation Frequencies PBE1PBE (GD3BJ) Gas Phase 6-31G(d,p)/Report/image/Orbital Diagram/Benzene.alpha_orbitals.png' to file(s)
silico: INFO: Rendering '/gpfs1/home/osl/test/Benzene/Gaussian 16 Optimisation Frequencies PBE1PBE (GD3BJ) Gas Phase 6-31G(d,p)/Report/image/Orbital Diagram/Benzene.beta_HOMO_LUMO.png' to file(s)
silico: INFO: Converting gaussian/formatted-checkpoint file '/gpfs1/home/osl/test/Benzene/Gaussian 16 Optimisation Frequencies PBE1PBE (GD3BJ) Gas Phase 6-31G(d,p)/Output/Benzene.fchk' to gaussian/cube file '/gpfs1/home/osl/test/Benzene/Gaussian 16 Optimisation Frequencies PBE1PBE (GD3BJ) Gas Phase 6-31G(d,p)/Report/image/HOMO (beta)/Benzene.HOMO (beta).cube'
silico: INFO: Rendering /gpfs1/home/osl/test/Benzene/Gaussian 16 Optimisation Frequencies PBE1PBE (GD3BJ) Gas Phase 6-31G(d,p)/Report/image/HOMO (beta)/Benzene.HOMO (beta).jpg to file(s)
silico: INFO: Converting gaussian/formatted-checkpoint file '/gpfs1/home/osl/test/Benzene/Gaussian 16 Optimisation Frequencies PBE1PBE (GD3BJ) Gas Phase 6-31G(d,p)/Output/Benzene.fchk' to gaussian/cube file '/gpfs1/home/osl/test/Benzene/Gaussian 16 Optimisation Frequencies PBE1PBE (GD3BJ) Gas Phase 6-31G(d,p)/Report/image/LUMO (beta)/Benzene.LUMO (beta).cube'
silico: INFO: Rendering /gpfs1/home/osl/test/Benzene/Gaussian 16 Optimisation Frequencies PBE1PBE (GD3BJ) Gas Phase 6-31G(d,p)/Report/image/LUMO (beta)/Benzene.LUMO (beta).jpg to file(s)
silico: INFO: Rendering /gpfs1/home/osl/test/Benzene/Gaussian 16 Optimisation Frequencies PBE1PBE (GD3BJ) Gas Phase 6-31G(d,p)/Report/image/HOMO LUMO/Benzene.beta_HOMO_LUMO.jpg to file(s)
silico: INFO: Rendering '/gpfs1/home/osl/test/Benzene/Gaussian 16 Optimisation Frequencies PBE1PBE (GD3BJ) Gas Phase 6-31G(d,p)/Report/image/Orbital Diagram/Benzene.beta_orbitals.png' to file(s)
silico: INFO: Rendering '/gpfs1/home/osl/test/Benzene/Gaussian 16 Optimisation Frequencies PBE1PBE (GD3BJ) Gas Phase 6-31G(d,p)/Report/image/Benzene.simulated_frequencies.png' to file(s)
silico: INFO: Writing PDF file
silico: INFO: Rendering '/gpfs1/home/osl/test/Benzene/Gaussian 16 Optimisation Frequencies PBE1PBE (GD3BJ) Gas Phase 6-31G(d,p)/Report/image/Structure/Benzene.skeletal.png' to file(s)
silico: INFO: Rendering '/gpfs1/home/osl/test/Benzene/Gaussian 16 Optimisation Frequencies PBE1PBE (GD3BJ) Gas Phase 6-31G(d,p)/Report/image/Benzene.SCF_graph.png' to file(s)
silico: INFO: Rendering '/gpfs1/home/osl/test/Benzene/Gaussian 16 Optimisation Frequencies PBE1PBE (GD3BJ) Gas Phase 6-31G(d,p)/Report/image/Orbital Diagram/Benzene.alpha_orbitals.png' to file(s)
silico: INFO: Rendering '/gpfs1/home/osl/test/Benzene/Gaussian 16 Optimisation Frequencies PBE1PBE (GD3BJ) Gas Phase 6-31G(d,p)/Report/image/Orbital Diagram/Benzene.beta_orbitals.png' to file(s)
silico: INFO: Rendering '/gpfs1/home/osl/test/Benzene/Gaussian 16 Optimisation Frequencies PBE1PBE (GD3BJ) Gas Phase 6-31G(d,p)/Report/image/Benzene.simulated_frequencies.png' to file(s)
silico: INFO: Writing PDF file
silico: INFO: Rendering '/gpfs1/home/osl/test/Benzene/Gaussian 16 Optimisation Frequencies PBE1PBE (GD3BJ) Gas Phase 6-31G(d,p)/Report/image/Structure/Benzene.skeletal.png' to file(s)
silico: INFO: Writing PDF file
silico: INFO: Parsing coordinate file '/gpfs1/home/osl/test/Benzene/Gaussian 16 Optimisation Frequencies PBE1PBE (GD3BJ) Gas Phase 6-31G(d,p)/Output/Benzene.log'
